
> visitor-sign-in-backend@1.0.0 test
> cross-env NODE_ENV=test jest --runInBand --forceExit

  console.log
    Loading repository from local path for development

      at Object.log (src/getEvent/index.js:8:11)

  console.log
    DB connection parameters: {
      host: 'host.docker.internal',
      port: 5432,
      database: 'visitordb',
      user: 'postgres',
      ssl: false
    }

      at Object.log (layers/common/nodejs/services/db.js:11:9)

  console.log
    Events table initialized

      at log (layers/common/nodejs/repositories/eventRepository.js:17:13)

  console.log
    Database tables created successfully

      at log (src/test/testHelper.js:50:15)

  console.log
    Tables cleared successfully

      at log (src/test/testHelper.js:94:13)

  console.log
    Creating test event: {
      eventId: '0be36847-1011-44ff-b12d-9196cdff74ee',
      startDate: '2025-02-19T12:00:00.000Z',
      endDate: '2025-02-19T16:00:00.000Z',
      status: 'enabled'
    }

      at log (src/test/testHelper.js:66:13)

  console.log
    Created event: {
      id: '0be36847-1011-44ff-b12d-9196cdff74ee',
      status: 'enabled',
      start_time: 2025-02-19T18:00:00.000Z,
      end_time: 2025-02-19T22:00:00.000Z,
      created_at: 2025-02-25T04:15:36.542Z
    }

      at log (src/test/testHelper.js:80:13)

  console.log
    Created event: {
      id: '0be36847-1011-44ff-b12d-9196cdff74ee',
      status: 'enabled',
      start_time: 2025-02-19T18:00:00.000Z,
      end_time: 2025-02-19T22:00:00.000Z,
      created_at: 2025-02-25T04:15:36.542Z
    }

      at Object.log (src/getEvent/index.test.js:18:13)

  console.log
    Received request to get current event

      at log (src/getEvent/index.js:34:13)

  console.log
    No active event found

      at log (src/getEvent/index.js:40:15)

  console.log
    Get event response: {
      statusCode: 404,
      headers: {
        'Content-Type': 'application/json',
        'Access-Control-Allow-Origin': '*',
        'Access-Control-Allow-Methods': 'GET, OPTIONS',
        'Access-Control-Allow-Headers': 'Content-Type'
      },
      body: '{"status":"error","error":"NO_EVENT_AVAILABLE","message":"No active event found"}'
    }

      at Object.log (src/getEvent/index.test.js:21:13)

  console.log
    Tables cleared successfully

      at log (src/test/testHelper.js:94:13)

  console.log
    Received request to get current event

      at log (src/getEvent/index.js:34:13)

  console.log
    No active event found

      at log (src/getEvent/index.js:40:15)

  console.log
    Get event response (no event): {
      statusCode: 404,
      headers: {
        'Content-Type': 'application/json',
        'Access-Control-Allow-Origin': '*',
        'Access-Control-Allow-Methods': 'GET, OPTIONS',
        'Access-Control-Allow-Headers': 'Content-Type'
      },
      body: '{"status":"error","error":"NO_EVENT_AVAILABLE","message":"No active event found"}'
    }

      at Object.log (src/getEvent/index.test.js:34:13)

  console.log
    Tables cleared successfully

      at log (src/test/testHelper.js:94:13)

  console.log
    Creating test event: {
      eventId: '7cd5aecf-aed8-4fe8-88c6-25cb5435ef51',
      startDate: '2025-02-19T12:00:00.000Z',
      endDate: '2025-02-19T16:00:00.000Z',
      status: 'enabled'
    }

      at log (src/test/testHelper.js:66:13)

  console.log
    Created event: {
      id: '7cd5aecf-aed8-4fe8-88c6-25cb5435ef51',
      status: 'enabled',
      start_time: 2025-02-19T18:00:00.000Z,
      end_time: 2025-02-19T22:00:00.000Z,
      created_at: 2025-02-25T04:15:36.722Z
    }

      at log (src/test/testHelper.js:80:13)

  console.log
    Received request to get current event

      at log (src/getEvent/index.js:34:13)

  console.log
    No active event found

      at log (src/getEvent/index.js:40:15)

  console.log
    Get event response (outside window): {
      statusCode: 404,
      headers: {
        'Content-Type': 'application/json',
        'Access-Control-Allow-Origin': '*',
        'Access-Control-Allow-Methods': 'GET, OPTIONS',
        'Access-Control-Allow-Headers': 'Content-Type'
      },
      body: '{"status":"error","error":"NO_EVENT_AVAILABLE","message":"No active event found"}'
    }

      at Object.log (src/getEvent/index.test.js:47:13)

  console.log
    Tables cleared successfully

      at log (src/test/testHelper.js:94:13)

  console.log
    Creating test event: {
      eventId: 'd166e1d2-657a-4277-9fe7-ac6fae263329',
      startDate: '2025-02-19T12:00:00.000Z',
      endDate: '2025-02-19T16:00:00.000Z',
      status: 'disabled'
    }

      at log (src/test/testHelper.js:66:13)

  console.log
    Created event: {
      id: 'd166e1d2-657a-4277-9fe7-ac6fae263329',
      status: 'disabled',
      start_time: 2025-02-19T18:00:00.000Z,
      end_time: 2025-02-19T22:00:00.000Z,
      created_at: 2025-02-25T04:15:36.837Z
    }

      at log (src/test/testHelper.js:80:13)

  console.log
    Received request to get current event

      at log (src/getEvent/index.js:34:13)

  console.log
    No active event found

      at log (src/getEvent/index.js:40:15)

  console.log
    Get event response (disabled): {
      statusCode: 404,
      headers: {
        'Content-Type': 'application/json',
        'Access-Control-Allow-Origin': '*',
        'Access-Control-Allow-Methods': 'GET, OPTIONS',
        'Access-Control-Allow-Headers': 'Content-Type'
      },
      body: '{"status":"error","error":"NO_EVENT_AVAILABLE","message":"No active event found"}'
    }

      at Object.log (src/getEvent/index.test.js:59:13)

  console.log
    Loading repository from local path for development

      at Object.log (src/disableEvent/index.js:8:11)

  console.log
    DB connection parameters: {
      host: 'host.docker.internal',
      port: 5432,
      database: 'visitordb',
      user: 'postgres',
      ssl: false
    }

      at Object.log (layers/common/nodejs/services/db.js:11:9)

  console.log
    Events table initialized

      at log (layers/common/nodejs/repositories/eventRepository.js:17:13)

  console.log
    Database tables created successfully

      at log (src/test/testHelper.js:50:15)

  console.log
    Tables cleared successfully

      at log (src/test/testHelper.js:94:13)

  console.log
    Creating test event: {
      eventId: '6838758e-9975-4ee1-8d1e-8784f2084426',
      startDate: '2025-02-19T12:00:00.000Z',
      endDate: '2025-02-19T16:00:00.000Z',
      status: 'enabled'
    }

      at log (src/test/testHelper.js:66:13)

  console.log
    Created event: {
      id: '6838758e-9975-4ee1-8d1e-8784f2084426',
      status: 'enabled',
      start_time: 2025-02-19T18:00:00.000Z,
      end_time: 2025-02-19T22:00:00.000Z,
      created_at: 2025-02-25T04:15:37.158Z
    }

      at log (src/test/testHelper.js:80:13)

  console.log
    Received request to disable event

      at log (src/disableEvent/index.js:34:13)

  console.log
    Development mode: proceeding without authentication

      at log (src/disableEvent/index.js:55:15)

  console.log
    Tables cleared successfully

      at log (src/test/testHelper.js:94:13)

  console.log
    Received request to disable event

      at log (src/disableEvent/index.js:34:13)

  console.log
    Development mode: proceeding without authentication

      at log (src/disableEvent/index.js:55:15)

  console.log
    Tables cleared successfully

      at log (src/test/testHelper.js:94:13)

  console.log
    Creating test event: {
      eventId: '7118e760-8b6d-487b-ab2b-022d0ec269b3',
      startDate: '2025-02-19T12:00:00.000Z',
      endDate: '2025-02-19T16:00:00.000Z',
      status: 'disabled'
    }

      at log (src/test/testHelper.js:66:13)

  console.log
    Created event: {
      id: '7118e760-8b6d-487b-ab2b-022d0ec269b3',
      status: 'disabled',
      start_time: 2025-02-19T18:00:00.000Z,
      end_time: 2025-02-19T22:00:00.000Z,
      created_at: 2025-02-25T04:15:37.285Z
    }

      at log (src/test/testHelper.js:80:13)

  console.log
    Received request to disable event

      at log (src/disableEvent/index.js:34:13)

  console.log
    Development mode: proceeding without authentication

      at log (src/disableEvent/index.js:55:15)

  console.log
    Tables cleared successfully

      at log (src/test/testHelper.js:94:13)

  console.log
    Received request to disable event

      at log (src/disableEvent/index.js:34:13)

  console.log
    Development mode: proceeding without authentication

      at log (src/disableEvent/index.js:55:15)

  console.log
    Tables cleared successfully

      at log (src/test/testHelper.js:94:13)

  console.log
    Received request to disable event

      at log (src/disableEvent/index.js:34:13)

  console.log
    Development mode: proceeding without authentication

      at log (src/disableEvent/index.js:55:15)

  console.log
    Loading repository from local path for development

      at Object.log (src/enableEvent/index.js:10:11)

  console.log
    DB connection parameters: {
      host: 'host.docker.internal',
      port: 5432,
      database: 'visitordb',
      user: 'postgres',
      ssl: false
    }

      at Object.log (layers/common/nodejs/services/db.js:11:9)

  console.log
    Events table initialized

      at log (layers/common/nodejs/repositories/eventRepository.js:17:13)

  console.log
    Database tables created successfully

      at log (src/test/testHelper.js:50:15)

  console.log
    Tables cleared successfully

      at log (src/test/testHelper.js:94:13)

  console.log
    Received request to enable event

      at log (src/enableEvent/index.js:35:13)

  console.log
    Development mode: proceeding without authentication

      at log (src/enableEvent/index.js:55:15)

  console.log
    Saving event to database: {
      id: '116f6661-0cb2-49d9-b5b5-207c119ca883',
      status: 'enabled',
      startTime: '2025-02-19T13:00:00.000Z',
      endTime: '2025-02-19T17:00:00.000Z'
    }

      at log (src/enableEvent/index.js:74:13)

  console.log
    Creating event: {
      id: '116f6661-0cb2-49d9-b5b5-207c119ca883',
      status: 'enabled',
      startTime: '2025-02-19T13:00:00.000Z',
      endTime: '2025-02-19T17:00:00.000Z'
    }

      at Object.log [as createEvent] (layers/common/nodejs/repositories/eventRepository.js:34:13)

  console.log
    DB service: undefined-undefined-undefined

      at Object.log [as createEvent] (layers/common/nodejs/repositories/eventRepository.js:35:13)

  console.log
    Event successfully saved: {
      id: '116f6661-0cb2-49d9-b5b5-207c119ca883',
      status: 'enabled',
      startTime: 2025-02-19T19:00:00.000Z,
      endTime: 2025-02-19T23:00:00.000Z,
      createdAt: 2025-02-25T04:15:37.675Z
    }

      at log (src/enableEvent/index.js:79:13)

  console.log
    Tables cleared successfully

      at log (src/test/testHelper.js:94:13)

  console.log
    Creating test event: {
      eventId: '76f0fbbd-4871-4400-91a9-d0ec9a2da8fc',
      startDate: '2025-02-19T12:00:00.000Z',
      endDate: '2025-02-19T16:00:00.000Z',
      status: 'enabled'
    }

      at log (src/test/testHelper.js:66:13)

  console.log
    Created event: {
      id: '76f0fbbd-4871-4400-91a9-d0ec9a2da8fc',
      status: 'enabled',
      start_time: 2025-02-19T18:00:00.000Z,
      end_time: 2025-02-19T22:00:00.000Z,
      created_at: 2025-02-25T04:15:37.712Z
    }

      at log (src/test/testHelper.js:80:13)

  console.log
    Received request to enable event

      at log (src/enableEvent/index.js:35:13)

  console.log
    Development mode: proceeding without authentication

      at log (src/enableEvent/index.js:55:15)

  console.log
    Saving event to database: {
      id: '94cafa7d-c148-459a-9707-e05c25e4a96d',
      status: 'enabled',
      startTime: '2025-02-19T13:00:00.000Z',
      endTime: '2025-02-19T17:00:00.000Z'
    }

      at log (src/enableEvent/index.js:74:13)

  console.log
    Creating event: {
      id: '94cafa7d-c148-459a-9707-e05c25e4a96d',
      status: 'enabled',
      startTime: '2025-02-19T13:00:00.000Z',
      endTime: '2025-02-19T17:00:00.000Z'
    }

      at Object.log [as createEvent] (layers/common/nodejs/repositories/eventRepository.js:34:13)

  console.log
    DB service: undefined-undefined-undefined

      at Object.log [as createEvent] (layers/common/nodejs/repositories/eventRepository.js:35:13)

  console.log
    Event successfully saved: {
      id: '94cafa7d-c148-459a-9707-e05c25e4a96d',
      status: 'enabled',
      startTime: 2025-02-19T19:00:00.000Z,
      endTime: 2025-02-19T23:00:00.000Z,
      createdAt: 2025-02-25T04:15:37.809Z
    }

      at log (src/enableEvent/index.js:79:13)

  console.log
    Loading repository from local path for development

      at Object.log (src/registerVisitor/index.js:8:11)

  console.log
    DB connection parameters: {
      host: 'host.docker.internal',
      port: 5432,
      database: 'visitordb',
      user: 'postgres',
      ssl: false
    }

      at Object.log (layers/common/nodejs/services/db.js:11:9)

  console.log
    Database tables created successfully

      at log (src/test/testHelper.js:50:15)

  console.log
    Visitors table initialized

      at log (layers/common/nodejs/repositories/visitorRepository.js:22:13)

  console.log
    Tables cleared successfully

      at log (src/test/testHelper.js:94:13)

  console.log
    Creating test event: {
      eventId: '5c27c0a7-8eea-4e2c-857b-5e3a825f91e0',
      startDate: '2025-02-19T12:00:00.000Z',
      endDate: '2025-02-19T16:00:00.000Z',
      status: 'enabled'
    }

      at log (src/test/testHelper.js:66:13)

  console.log
    Created event: {
      id: '5c27c0a7-8eea-4e2c-857b-5e3a825f91e0',
      status: 'enabled',
      start_time: 2025-02-19T18:00:00.000Z,
      end_time: 2025-02-19T22:00:00.000Z,
      created_at: 2025-02-25T04:15:38.028Z
    }

      at log (src/test/testHelper.js:80:13)

  console.log
    Received event: {
      body: '{"firstName":"John","lastName":"Doe","phoneNumber":"+1234567890","address":"123 Main St"}'
    }

      at log (src/registerVisitor/index.js:59:13)

  console.log
    Parsed visitor data: {
      firstName: 'John',
      lastName: 'Doe',
      phoneNumber: '+1234567890',
      address: '123 Main St'
    }

      at log (src/registerVisitor/index.js:63:13)

  console.log
    Current event: {
      id: '5c27c0a7-8eea-4e2c-857b-5e3a825f91e0',
      start_time: 2025-02-19T18:00:00.000Z,
      end_time: 2025-02-19T22:00:00.000Z,
      status: 'enabled'
    }

      at log (src/registerVisitor/index.js:84:13)

  console.log
    Tables cleared successfully

      at log (src/test/testHelper.js:94:13)

  console.log
    Received event: {
      body: '{"firstName":"John","lastName":"Doe","phoneNumber":"+1234567890","address":"123 Main St"}'
    }

      at log (src/registerVisitor/index.js:59:13)

  console.log
    Parsed visitor data: {
      firstName: 'John',
      lastName: 'Doe',
      phoneNumber: '+1234567890',
      address: '123 Main St'
    }

      at log (src/registerVisitor/index.js:63:13)

  console.log
    Current event: null

      at log (src/registerVisitor/index.js:84:13)

  console.log
    Tables cleared successfully

      at log (src/test/testHelper.js:94:13)

  console.log
    Creating test event: {
      eventId: 'aae949aa-890c-4403-bb94-37d17120d084',
      startDate: '2025-02-19T12:00:00.000Z',
      endDate: '2025-02-19T16:00:00.000Z',
      status: 'enabled'
    }

      at log (src/test/testHelper.js:66:13)

  console.log
    Created event: {
      id: 'aae949aa-890c-4403-bb94-37d17120d084',
      status: 'enabled',
      start_time: 2025-02-19T18:00:00.000Z,
      end_time: 2025-02-19T22:00:00.000Z,
      created_at: 2025-02-25T04:15:38.223Z
    }

      at log (src/test/testHelper.js:80:13)

  console.log
    Received event: {
      body: '{"firstName":"John","lastName":"Doe","phoneNumber":"+1234567890","address":"123 Main St"}'
    }

      at log (src/registerVisitor/index.js:59:13)

  console.log
    Parsed visitor data: {
      firstName: 'John',
      lastName: 'Doe',
      phoneNumber: '+1234567890',
      address: '123 Main St'
    }

      at log (src/registerVisitor/index.js:63:13)

  console.log
    Current event: {
      id: 'aae949aa-890c-4403-bb94-37d17120d084',
      start_time: 2025-02-19T18:00:00.000Z,
      end_time: 2025-02-19T22:00:00.000Z,
      status: 'enabled'
    }

      at log (src/registerVisitor/index.js:84:13)

  console.log
    Received event: {
      body: '{"firstName":"John","lastName":"Doe","phoneNumber":"+1234567890","address":"123 Main St"}'
    }

      at log (src/registerVisitor/index.js:59:13)

  console.log
    Parsed visitor data: {
      firstName: 'John',
      lastName: 'Doe',
      phoneNumber: '+1234567890',
      address: '123 Main St'
    }

      at log (src/registerVisitor/index.js:63:13)

  console.log
    Current event: {
      id: 'aae949aa-890c-4403-bb94-37d17120d084',
      start_time: 2025-02-19T18:00:00.000Z,
      end_time: 2025-02-19T22:00:00.000Z,
      status: 'enabled'
    }

      at log (src/registerVisitor/index.js:84:13)

  console.log
    Tables cleared successfully

      at log (src/test/testHelper.js:94:13)

  console.log
    Creating test event: {
      eventId: 'd3bbe017-a519-4d09-b333-0679c9c61edd',
      startDate: '2025-02-19T12:00:00.000Z',
      endDate: '2025-02-19T16:00:00.000Z',
      status: 'enabled'
    }

      at log (src/test/testHelper.js:66:13)

  console.log
    Created event: {
      id: 'd3bbe017-a519-4d09-b333-0679c9c61edd',
      status: 'enabled',
      start_time: 2025-02-19T18:00:00.000Z,
      end_time: 2025-02-19T22:00:00.000Z,
      created_at: 2025-02-25T04:15:38.349Z
    }

      at log (src/test/testHelper.js:80:13)

  console.log
    Received event: {
      body: '{"firstName":"","lastName":"Doe","phoneNumber":"+1234567890"}'
    }

      at log (src/registerVisitor/index.js:59:13)

  console.log
    Parsed visitor data: { firstName: '', lastName: 'Doe', phoneNumber: '+1234567890' }

      at log (src/registerVisitor/index.js:63:13)

  console.log
    Validation failed: {
      isValid: false,
      error: 'MISSING_INFORMATION',
      message: 'First name and last name are required'
    }

      at log (src/registerVisitor/index.js:68:15)

  console.log
    Database tables created successfully

      at log (src/test/testHelper.js:50:15)

  console.log
    getCurrentEvent query: {
      timestamp: 2025-02-19T13:00:00.000Z,
      sql: "SELECT * FROM events WHERE status = 'enabled' AND $1::timestamptz >= start_time AND $1::timestamptz <= end_time",
      params: [ 2025-02-19T13:00:00.000Z ]
    }

      at VisitorRepository.log [as getCurrentEvent] (src/repositories/visitorRepository.js:43:15)

  console.log
    Query result: [
      {
        id: '123',
        start_time: 2025-02-19T12:00:00.000Z,
        end_time: 2025-02-19T16:00:00.000Z,
        status: 'enabled'
      }
    ]

      at VisitorRepository.log [as getCurrentEvent] (src/repositories/visitorRepository.js:48:15)

  console.log
    getCurrentEvent query: {
      timestamp: 2025-02-19T13:00:00.000Z,
      sql: "SELECT * FROM events WHERE status = 'enabled' AND $1::timestamptz >= start_time AND $1::timestamptz <= end_time",
      params: [ 2025-02-19T13:00:00.000Z ]
    }

      at VisitorRepository.log [as getCurrentEvent] (src/repositories/visitorRepository.js:43:15)

  console.log
    Query result: []

      at VisitorRepository.log [as getCurrentEvent] (src/repositories/visitorRepository.js:48:15)

  console.log
    Disabling event query: {
      eventId: '123',
      sql: "UPDATE events SET status = 'disabled' WHERE id = $1 AND status = 'enabled' RETURNING id",
      params: [ '123' ]
    }

      at VisitorRepository.log [as disableEvent] (src/repositories/visitorRepository.js:100:15)

  console.log
    Query result: [ { id: '123' } ]

      at VisitorRepository.log [as disableEvent] (src/repositories/visitorRepository.js:111:15)

  console.log
    Disabling event query: {
      eventId: '123',
      sql: "UPDATE events SET status = 'disabled' WHERE id = $1 AND status = 'enabled' RETURNING id",
      params: [ '123' ]
    }

      at VisitorRepository.log [as disableEvent] (src/repositories/visitorRepository.js:100:15)

  console.log
    Query result: []

      at VisitorRepository.log [as disableEvent] (src/repositories/visitorRepository.js:111:15)

  console.log
    Disabling event query: {
      eventId: '123',
      sql: "UPDATE events SET status = 'disabled' WHERE id = $1 AND status = 'enabled' RETURNING id",
      params: [ '123' ]
    }

      at VisitorRepository.log [as disableEvent] (src/repositories/visitorRepository.js:100:15)

  console.log
    Creating event query: {
      eventId: '123',
      startDate: 2025-02-19T12:00:00.000Z,
      endDate: 2025-02-19T16:00:00.000Z,
      sql: 'INSERT INTO events (id, start_time, end_time, status) VALUES ($1, $2, $3, $4) RETURNING id, start_time, end_time, status',
      params: [
        '123',
        2025-02-19T12:00:00.000Z,
        2025-02-19T16:00:00.000Z,
        'enabled'
      ]
    }

      at VisitorRepository.log [as createEvent] (src/repositories/visitorRepository.js:10:13)

  console.log
    Query result: [
      {
        id: '123',
        start_time: 2025-02-19T12:00:00.000Z,
        end_time: 2025-02-19T16:00:00.000Z,
        status: 'enabled'
      }
    ]

      at VisitorRepository.log [as createEvent] (src/repositories/visitorRepository.js:23:13)

  console.log
    Creating event query: {
      eventId: '123',
      startDate: 2025-02-19T12:00:00.000Z,
      endDate: 2025-02-19T16:00:00.000Z,
      sql: 'INSERT INTO events (id, start_time, end_time, status) VALUES ($1, $2, $3, $4) RETURNING id, start_time, end_time, status',
      params: [
        '123',
        2025-02-19T12:00:00.000Z,
        2025-02-19T16:00:00.000Z,
        'enabled'
      ]
    }

      at VisitorRepository.log [as createEvent] (src/repositories/visitorRepository.js:10:13)

-----------------------|---------|----------|---------|---------|--------------------
File                   | % Stmts | % Branch | % Funcs | % Lines | Uncovered Line #s  
-----------------------|---------|----------|---------|---------|--------------------
All files              |   52.11 |    37.66 |   47.61 |   52.11 |                    
 disableEvent          |      50 |    35.71 |     100 |      50 |                    
  index.js             |      50 |    35.71 |     100 |      50 | 26,39-43,51,70-102 
 enableEvent           |   75.86 |    41.66 |     100 |   75.86 |                    
  index.js             |   75.86 |    41.66 |     100 |   75.86 | 27,40-43,51,91-94  
 getEvent              |   72.22 |    33.33 |     100 |   72.22 |                    
  index.js             |   72.22 |    33.33 |     100 |   72.22 | 26,52-67           
 registerVisitor       |   82.85 |       75 |     100 |   82.85 |                    
  index.js             |   82.85 |       75 |     100 |   82.85 | 27,51,131-145      
 repositories          |    37.5 |    22.22 |   45.45 |    37.5 |                    
  eventRespository.js  |       0 |        0 |       0 |       0 | 1-186              
  visitorRepository.js |     100 |    66.66 |     100 |     100 | 30                 
 services              |       0 |        0 |       0 |       0 |                    
  db.js                |       0 |        0 |       0 |       0 | 1-42               
-----------------------|---------|----------|---------|---------|--------------------
